#-----------------------------------------------------------
# Vivado v2018.2 (64-bit)
# SW Build 2258646 on Thu Jun 14 20:02:38 MDT 2018
# IP Build 2256618 on Thu Jun 14 22:10:49 MDT 2018
# Start of session at: Fri Apr 17 23:56:48 2020
# Process ID: 9812
# Current directory: /home/crypto/ws/thesis-related/sw/thesis/numato-driver/xdma_driver
# Command line: vivado
# Log file: /home/crypto/ws/thesis-related/sw/thesis/numato-driver/xdma_driver/vivado.log
# Journal file: /home/crypto/ws/thesis-related/sw/thesis/numato-driver/xdma_driver/vivado.jou
#-----------------------------------------------------------
start_gui
open_project /home/crypto/ws/thesis-related/hw/test_memory_mapped/Aller_200T_PCIe_DMA_v1/Aller_200T_PCIe_DMA/Aller_200T_PCIe_DMA.xpr
update_compile_order -fileset sources_1
source /home/crypto/ws/thesis-related/read.tcl
open_hw
connect_hw_server
open_hw_target
set_property PROGRAM.FILE {/home/crypto/ws/thesis-related/hw/test_memory_mapped/Aller_200T_PCIe_DMA_v1/Aller_200T_PCIe_DMA/Aller_200T_PCIe_DMA.runs/impl_1/system_wrapper.bit} [get_hw_devices xc7a200t_0]
set_property PROBES.FILE {/home/crypto/ws/thesis-related/hw/test_memory_mapped/Aller_200T_PCIe_DMA_v1/Aller_200T_PCIe_DMA/Aller_200T_PCIe_DMA.runs/impl_1/system_wrapper.ltx} [get_hw_devices xc7a200t_0]
set_property FULL_PROBES.FILE {/home/crypto/ws/thesis-related/hw/test_memory_mapped/Aller_200T_PCIe_DMA_v1/Aller_200T_PCIe_DMA/Aller_200T_PCIe_DMA.runs/impl_1/system_wrapper.ltx} [get_hw_devices xc7a200t_0]
current_hw_device [get_hw_devices xc7a200t_0]
refresh_hw_device [lindex [get_hw_devices xc7a200t_0] 0]
source /home/crypto/ws/thesis-related/read.tcl
source /home/crypto/ws/thesis-related/read.tcl
source /home/crypto/ws/thesis-related/en_interrupt.tcl
source /home/crypto/ws/thesis-related/dis_interrupt.tcl
source /home/crypto/ws/thesis-related/read.tcl
source /home/crypto/ws/thesis-related/read.tcl
source /home/crypto/ws/thesis-related/read.tcl
source /home/crypto/ws/thesis-related/en_interrupt.tcl
source /home/crypto/ws/thesis-related/dis_interrupt.tcl
set_property PROBES.FILE {/home/crypto/ws/thesis-related/hw/test_memory_mapped/Aller_200T_PCIe_DMA_v1/Aller_200T_PCIe_DMA/Aller_200T_PCIe_DMA.runs/impl_1/system_wrapper.ltx} [get_hw_devices xc7a200t_0]
set_property FULL_PROBES.FILE {/home/crypto/ws/thesis-related/hw/test_memory_mapped/Aller_200T_PCIe_DMA_v1/Aller_200T_PCIe_DMA/Aller_200T_PCIe_DMA.runs/impl_1/system_wrapper.ltx} [get_hw_devices xc7a200t_0]
set_property PROGRAM.FILE {/home/crypto/ws/thesis-related/hw/test_memory_mapped/Aller_200T_PCIe_DMA_v1/Aller_200T_PCIe_DMA/Aller_200T_PCIe_DMA.runs/impl_1/system_wrapper.bit} [get_hw_devices xc7a200t_0]
program_hw_devices [get_hw_devices xc7a200t_0]
refresh_hw_device [lindex [get_hw_devices xc7a200t_0] 0]
source /home/crypto/ws/thesis-related/read.tcl
source /home/crypto/ws/thesis-related/read.tcl
source /home/crypto/ws/thesis-related/read.tcl
